// Jest Snapshot v1, https://goo.gl/fbAQLP

exports[`NavigationItems should render correctly 1`] = `
<ul
  className=" "
>
  <NavigationItem
    key="Услуги"
    name="Услуги"
    route="/services"
  />
  <NavigationItem
    key="Портфолио"
    name="Портфолио"
    route="/portfolio"
  />
  <NavigationItem
    key="Конструктор рекламы"
    name="Конструктор рекламы"
    route="/constructor"
  />
  <NavigationItem
    key="Контакты"
    name="Контакты"
    route="/contacts"
  />
</ul>
`;
