// Jest Snapshot v1, https://goo.gl/fbAQLP

exports[`NavigationItems should render correctly 1`] = `
<ul
  className=" "
>
  <NavigationItem
    route="/services"
  >
    Услуги
  </NavigationItem>
  <NavigationItem
    route="/portfolio"
  >
    Портфолио
  </NavigationItem>
  <NavigationItem
    route="/order"
  >
    Размещение рекламы
  </NavigationItem>
  <NavigationItem
    route="/contacts"
  >
    Контакты
  </NavigationItem>
  <NavigationItem
    route="/auth"
  >
    Войти
  </NavigationItem>
</ul>
`;
